Archive member included to satisfy reference by file (symbol)

/opt/Atollic_TrueSTUDIO_for_STM32_x86_64_9.0.1/ARMTools/bin/../lib/gcc/arm-atollic-eabi/6.3.1/../../../../arm-atollic-eabi/lib/armv6-m/libc_nano.a(lib_a-errno.o)
                              Src/syscalls.o (__errno)
/opt/Atollic_TrueSTUDIO_for_STM32_x86_64_9.0.1/ARMTools/bin/../lib/gcc/arm-atollic-eabi/6.3.1/../../../../arm-atollic-eabi/lib/armv6-m/libc_nano.a(lib_a-impure.o)
                              /opt/Atollic_TrueSTUDIO_for_STM32_x86_64_9.0.1/ARMTools/bin/../lib/gcc/arm-atollic-eabi/6.3.1/../../../../arm-atollic-eabi/lib/armv6-m/libc_nano.a(lib_a-errno.o) (_impure_ptr)
/opt/Atollic_TrueSTUDIO_for_STM32_x86_64_9.0.1/ARMTools/bin/../lib/gcc/arm-atollic-eabi/6.3.1/../../../../arm-atollic-eabi/lib/armv6-m/libc_nano.a(lib_a-init.o)
                              startup/startup_stm32f030x6.o (__libc_init_array)
/opt/Atollic_TrueSTUDIO_for_STM32_x86_64_9.0.1/ARMTools/bin/../lib/gcc/arm-atollic-eabi/6.3.1/../../../../arm-atollic-eabi/lib/armv6-m/libc_nano.a(lib_a-memset.o)
                              Src/main.o (memset)
/opt/Atollic_TrueSTUDIO_for_STM32_x86_64_9.0.1/ARMTools/bin/../lib/gcc/arm-atollic-eabi/6.3.1/armv6-m/libgcc.a(_udivsi3.o)
                              Drivers/STM32F0xx_HAL_Driver/Src/stm32f0xx_hal.o (__aeabi_uidiv)
/opt/Atollic_TrueSTUDIO_for_STM32_x86_64_9.0.1/ARMTools/bin/../lib/gcc/arm-atollic-eabi/6.3.1/armv6-m/libgcc.a(_divsi3.o)
                              Src/OledDriver.o (__aeabi_idiv)
/opt/Atollic_TrueSTUDIO_for_STM32_x86_64_9.0.1/ARMTools/bin/../lib/gcc/arm-atollic-eabi/6.3.1/armv6-m/libgcc.a(_dvmd_tls.o)
                              /opt/Atollic_TrueSTUDIO_for_STM32_x86_64_9.0.1/ARMTools/bin/../lib/gcc/arm-atollic-eabi/6.3.1/armv6-m/libgcc.a(_udivsi3.o) (__aeabi_idiv0)

Allocating common symbols
Common symbol       size              file

ycoOledCur          0x4               Src/OledDriver.o
rgbOledBmp          0x200             Src/OledDriver.o
xchOledMax          0x4               Src/OledChar.o
xcoOledCur          0x4               Src/OledDriver.o
xchOledCur          0x4               Src/OledChar.o
ychOledCur          0x4               Src/OledChar.o
uwTick              0x4               Drivers/STM32F0xx_HAL_Driver/Src/stm32f0xx_hal.o
pbOledCur           0x4               Src/OledDriver.o
pFlash              0x20              Drivers/STM32F0xx_HAL_Driver/Src/stm32f0xx_hal_flash.o
pbOledPatCur        0x4               Src/OledDriver.o
pbOledFontCur       0x4               Src/OledDriver.o
rgbOledFontUser     0x100             Src/OledChar.o
huart1              0x80              Src/main.o
pbOledFontExt       0x4               Src/OledChar.o
dycoOledFontCur     0x4               Src/OledDriver.o
ychOledMax          0x4               Src/OledChar.o
modOledCur          0x4               Src/OledGrph.o
hspi1               0x64              Src/main.o
dxcoOledFontCur     0x4               Src/OledDriver.o
fOledCharUpdate     0x4               Src/OledDriver.o
clrOledCur          0x1               Src/OledDriver.o
pbOledFontUser      0x4               Src/OledDriver.o
bnOledCur           0x4               Src/OledDriver.o
pfnDoRop            0x4               Src/OledGrph.o

Discarded input sections

 .text          0x0000000000000000        0x0 /opt/Atollic_TrueSTUDIO_for_STM32_x86_64_9.0.1/ARMTools/bin/../lib/gcc/arm-atollic-eabi/6.3.1/armv6-m/crti.o
 .data          0x0000000000000000        0x0 /opt/Atollic_TrueSTUDIO_for_STM32_x86_64_9.0.1/ARMTools/bin/../lib/gcc/arm-atollic-eabi/6.3.1/armv6-m/crti.o
 .bss           0x0000000000000000        0x0 /opt/Atollic_TrueSTUDIO_for_STM32_x86_64_9.0.1/ARMTools/bin/../lib/gcc/arm-atollic-eabi/6.3.1/armv6-m/crti.o
 .data          0x0000000000000000        0x4 /opt/Atollic_TrueSTUDIO_for_STM32_x86_64_9.0.1/ARMTools/bin/../lib/gcc/arm-atollic-eabi/6.3.1/armv6-m/crtbegin.o
 .text          0x0000000000000000        0x0 Drivers/STM32F0xx_HAL_Driver/Src/stm32f0xx_hal.o
 .data          0x0000000000000000        0x0 Drivers/STM32F0xx_HAL_Driver/Src/stm32f0xx_hal.o
 .bss           0x0000000000000000        0x0 Drivers/STM32F0xx_HAL_Driver/Src/stm32f0xx_hal.o
 .text.HAL_DeInit
                0x0000000000000000       0x40 Drivers/STM32F0xx_HAL_Driver/Src/stm32f0xx_hal.o
 .text.HAL_MspInit
                0x0000000000000000        0xa Drivers/STM32F0xx_HAL_Driver/Src/stm32f0xx_hal.o
 .text.HAL_MspDeInit
                0x0000000000000000        0xa Drivers/STM32F0xx_HAL_Driver/Src/stm32f0xx_hal.o
 .text.HAL_GetTickPrio
                0x0000000000000000       0x14 Drivers/STM32F0xx_HAL_Driver/Src/stm32f0xx_hal.o
 .text.HAL_SetTickFreq
                0x0000000000000000       0x70 Drivers/STM32F0xx_HAL_Driver/Src/stm32f0xx_hal.o
 .text.HAL_GetTickFreq
                0x0000000000000000       0x14 Drivers/STM32F0xx_HAL_Driver/Src/stm32f0xx_hal.o
 .text.HAL_SuspendTick
                0x0000000000000000       0x1c Drivers/STM32F0xx_HAL_Driver/Src/stm32f0xx_hal.o
[...]
Memory Configuration

Name             Origin             Length             Attributes
RAM              0x0000000020000000 0x0000000000001000 xrw
FLASH            0x0000000008000000 0x0000000000004000 xr
*default*        0x0000000000000000 0xffffffffffffffff

Linker script and memory map

LOAD /opt/Atollic_TrueSTUDIO_for_STM32_x86_64_9.0.1/ARMTools/bin/../lib/gcc/arm-atollic-eabi/6.3.1/armv6-m/crti.o
LOAD /opt/Atollic_TrueSTUDIO_for_STM32_x86_64_9.0.1/ARMTools/bin/../lib/gcc/arm-atollic-eabi/6.3.1/armv6-m/crtbegin.o
LOAD Drivers/STM32F0xx_HAL_Driver/Src/stm32f0xx_hal.o
LOAD Drivers/STM32F0xx_HAL_Driver/Src/stm32f0xx_hal_cortex.o
LOAD Drivers/STM32F0xx_HAL_Driver/Src/stm32f0xx_hal_dma.o
LOAD Drivers/STM32F0xx_HAL_Driver/Src/stm32f0xx_hal_exti.o
LOAD Drivers/STM32F0xx_HAL_Driver/Src/stm32f0xx_hal_flash.o
LOAD Drivers/STM32F0xx_HAL_Driver/Src/stm32f0xx_hal_flash_ex.o
LOAD Drivers/STM32F0xx_HAL_Driver/Src/stm32f0xx_hal_gpio.o
LOAD Drivers/STM32F0xx_HAL_Driver/Src/stm32f0xx_hal_i2c.o
LOAD Drivers/STM32F0xx_HAL_Driver/Src/stm32f0xx_hal_i2c_ex.o
LOAD Drivers/STM32F0xx_HAL_Driver/Src/stm32f0xx_hal_pwr.o
LOAD Drivers/STM32F0xx_HAL_Driver/Src/stm32f0xx_hal_pwr_ex.o
LOAD Drivers/STM32F0xx_HAL_Driver/Src/stm32f0xx_hal_rcc.o
LOAD Drivers/STM32F0xx_HAL_Driver/Src/stm32f0xx_hal_rcc_ex.o
LOAD Drivers/STM32F0xx_HAL_Driver/Src/stm32f0xx_hal_spi.o
LOAD Drivers/STM32F0xx_HAL_Driver/Src/stm32f0xx_hal_spi_ex.o
LOAD Drivers/STM32F0xx_HAL_Driver/Src/stm32f0xx_hal_tim.o
LOAD Drivers/STM32F0xx_HAL_Driver/Src/stm32f0xx_hal_tim_ex.o
LOAD Drivers/STM32F0xx_HAL_Driver/Src/stm32f0xx_hal_uart.o
LOAD Drivers/STM32F0xx_HAL_Driver/Src/stm32f0xx_hal_uart_ex.o
LOAD Src/ChrFont0.o
LOAD Src/FillPat.o
LOAD Src/Fonts.o
LOAD Src/OledChar.o
LOAD Src/OledDriver.o
LOAD Src/OledGrph.o
LOAD Src/main.o
LOAD Src/stm32f0xx_hal_msp.o
LOAD Src/stm32f0xx_it.o
LOAD Src/syscalls.o
LOAD Src/system_stm32f0xx.o
LOAD startup/startup_stm32f030x6.o
                0x0000000000000080                malloc_getpagesize_P = 0x80
START GROUP
LOAD /opt/Atollic_TrueSTUDIO_for_STM32_x86_64_9.0.1/ARMTools/bin/../lib/gcc/arm-atollic-eabi/6.3.1/../../../../arm-atollic-eabi/lib/armv6-m/libc_nano.a
LOAD /opt/Atollic_TrueSTUDIO_for_STM32_x86_64_9.0.1/ARMTools/bin/../lib/gcc/arm-atollic-eabi/6.3.1/../../../../arm-atollic-eabi/lib/armv6-m/libm.a
END GROUP
START GROUP
LOAD /opt/Atollic_TrueSTUDIO_for_STM32_x86_64_9.0.1/ARMTools/bin/../lib/gcc/arm-atollic-eabi/6.3.1/armv6-m/libgcc.a
LOAD /opt/Atollic_TrueSTUDIO_for_STM32_x86_64_9.0.1/ARMTools/bin/../lib/gcc/arm-atollic-eabi/6.3.1/../../../../arm-atollic-eabi/lib/armv6-m/libc_nano.a
END GROUP
START GROUP
LOAD /opt/Atollic_TrueSTUDIO_for_STM32_x86_64_9.0.1/ARMTools/bin/../lib/gcc/arm-atollic-eabi/6.3.1/armv6-m/libgcc.a
LOAD /opt/Atollic_TrueSTUDIO_for_STM32_x86_64_9.0.1/ARMTools/bin/../lib/gcc/arm-atollic-eabi/6.3.1/../../../../arm-atollic-eabi/lib/armv6-m/libc_nano.a
LOAD /opt/Atollic_TrueSTUDIO_for_STM32_x86_64_9.0.1/ARMTools/bin/../lib/gcc/arm-atollic-eabi/6.3.1/../../../../arm-atollic-eabi/lib/armv6-m/libnosys.a
END GROUP
START GROUP
LOAD /opt/Atollic_TrueSTUDIO_for_STM32_x86_64_9.0.1/ARMTools/bin/../lib/gcc/arm-atollic-eabi/6.3.1/armv6-m/libgcc.a
LOAD /opt/Atollic_TrueSTUDIO_for_STM32_x86_64_9.0.1/ARMTools/bin/../lib/gcc/arm-atollic-eabi/6.3.1/../../../../arm-atollic-eabi/lib/armv6-m/libc_nano.a
LOAD /opt/Atollic_TrueSTUDIO_for_STM32_x86_64_9.0.1/ARMTools/bin/../lib/gcc/arm-atollic-eabi/6.3.1/../../../../arm-atollic-eabi/lib/armv6-m/libnosys.a
END GROUP
LOAD /opt/Atollic_TrueSTUDIO_for_STM32_x86_64_9.0.1/ARMTools/bin/../lib/gcc/arm-atollic-eabi/6.3.1/armv6-m/crtend.o
LOAD /opt/Atollic_TrueSTUDIO_for_STM32_x86_64_9.0.1/ARMTools/bin/../lib/gcc/arm-atollic-eabi/6.3.1/armv6-m/crtn.o
                0x0000000020001000                _estack = 0x20001000
                0x0000000000000200                _Min_Heap_Size = 0x200
                0x0000000000000400                _Min_Stack_Size = 0x400

.isr_vector     0x0000000008000000       0xc0
                0x0000000008000000                . = ALIGN (0x4)
 *(.isr_vector)
 .isr_vector    0x0000000008000000       0xc0 startup/startup_stm32f030x6.o
                0x0000000008000000                g_pfnVectors
                0x00000000080000c0                . = ALIGN (0x4)

.text           0x00000000080000c0     0x35f8
                0x00000000080000c0                . = ALIGN (0x4)
 *(.text)
 .text          0x00000000080000c0       0x48 /opt/Atollic_TrueSTUDIO_for_STM32_x86_64_9.0.1/ARMTools/bin/../lib/gcc/arm-atollic-eabi/6.3.1/armv6-m/crtbegin.o
 .text          0x0000000008000108      0x114 /opt/Atollic_TrueSTUDIO_for_STM32_x86_64_9.0.1/ARMTools/bin/../lib/gcc/arm-atollic-eabi/6.3.1/armv6-m/libgcc.a(_udivsi3.o)
                0x0000000008000108                __udivsi3
                0x0000000008000108                __aeabi_uidiv
                0x0000000008000214                __aeabi_uidivmod
 .text          0x000000000800021c      0x1d4 /opt/Atollic_TrueSTUDIO_for_STM32_x86_64_9.0.1/ARMTools/bin/../lib/gcc/arm-atollic-eabi/6.3.1/armv6-m/libgcc.a(_divsi3.o)
                0x000000000800021c                __aeabi_idiv
                0x000000000800021c                __divsi3
                0x00000000080003e8                __aeabi_idivmod
 .text          0x00000000080003f0        0x4 /opt/Atollic_TrueSTUDIO_for_STM32_x86_64_9.0.1/ARMTools/bin/../lib/gcc/arm-atollic-eabi/6.3.1/armv6-m/libgcc.a(_dvmd_tls.o)
                0x00000000080003f0                __aeabi_ldiv0
                0x00000000080003f0                __aeabi_idiv0
 *(.text*)
 .text.HAL_Init
                0x00000000080003f4       0x28 Drivers/STM32F0xx_HAL_Driver/Src/stm32f0xx_hal.o
                0x00000000080003f4                HAL_Init
 .text.HAL_InitTick
                0x000000000800041c       0x68 Drivers/STM32F0xx_HAL_Driver/Src/stm32f0xx_hal.o
                0x000000000800041c                HAL_InitTick
 .text.HAL_IncTick
                0x0000000008000484       0x24 Drivers/STM32F0xx_HAL_Driver/Src/stm32f0xx_hal.o
                0x0000000008000484                HAL_IncTick
 .text.HAL_GetTick
                0x00000000080004a8       0x14 Drivers/STM32F0xx_HAL_Driver/Src/stm32f0xx_hal.o
                0x00000000080004a8                HAL_GetTick
 .text.HAL_Delay
                0x00000000080004bc       0x44 Drivers/STM32F0xx_HAL_Driver/Src/stm32f0xx_hal.o
                0x00000000080004bc                HAL_Delay
 .text.__NVIC_SetPriority
                0x0000000008000500       0xdc Drivers/STM32F0xx_HAL_Driver/Src/stm32f0xx_hal_cortex.o
 .text.SysTick_Config
                0x00000000080005dc       0x48 Drivers/STM32F0xx_HAL_Driver/Src/stm32f0xx_hal_cortex.o
 .text.HAL_NVIC_SetPriority
                0x0000000008000624       0x2c Drivers/STM32F0xx_HAL_Driver/Src/stm32f0xx_hal_cortex.o
                0x0000000008000624                HAL_NVIC_SetPriority
 .text.HAL_SYSTICK_Config
                0x0000000008000650       0x1a Drivers/STM32F0xx_HAL_Driver/Src/stm32f0xx_hal_cortex.o
                0x0000000008000650                HAL_SYSTICK_Config
 *fill*         0x000000000800066a        0x2 
 .text.HAL_GPIO_Init
                0x000000000800066c      0x2e0 Drivers/STM32F0xx_HAL_Driver/Src/stm32f0xx_hal_gpio.o
                0x000000000800066c                HAL_GPIO_Init
 .text.HAL_GPIO_ReadPin
                0x000000000800094c       0x3a Drivers/STM32F0xx_HAL_Driver/Src/stm32f0xx_hal_gpio.o
                0x000000000800094c                HAL_GPIO_ReadPin
 .text.HAL_GPIO_WritePin
                0x0000000008000986       0x3a Drivers/STM32F0xx_HAL_Driver/Src/stm32f0xx_hal_gpio.o
                0x0000000008000986                HAL_GPIO_WritePin
 .text.HAL_RCC_OscConfig
                0x00000000080009c0      0x634 Drivers/STM32F0xx_HAL_Driver/Src/stm32f0xx_hal_rcc.o
                0x00000000080009c0                HAL_RCC_OscConfig
 .text.HAL_RCC_ClockConfig
                0x0000000008000ff4      0x19c Drivers/STM32F0xx_HAL_Driver/Src/stm32f0xx_hal_rcc.o
                0x0000000008000ff4                HAL_RCC_ClockConfig
 .text.HAL_RCC_GetSysClockFreq
                0x0000000008001190       0xc0 Drivers/STM32F0xx_HAL_Driver/Src/stm32f0xx_hal_rcc.o
                0x0000000008001190                HAL_RCC_GetSysClockFreq
 .text.HAL_RCC_GetHCLKFreq
                0x0000000008001250       0x14 Drivers/STM32F0xx_HAL_Driver/Src/stm32f0xx_hal_rcc.o
                0x0000000008001250                HAL_RCC_GetHCLKFreq
 .text.HAL_RCC_GetPCLK1Freq
                0x0000000008001264       0x2c Drivers/STM32F0xx_HAL_Driver/Src/stm32f0xx_hal_rcc.o
                0x0000000008001264                HAL_RCC_GetPCLK1Freq
 .text.HAL_RCCEx_PeriphCLKConfig
                0x0000000008001290      0x19c Drivers/STM32F0xx_HAL_Driver/Src/stm32f0xx_hal_rcc_ex.o
                0x0000000008001290                HAL_RCCEx_PeriphCLKConfig
 .text.HAL_SPI_Init
                0x000000000800142c      0x130 Drivers/STM32F0xx_HAL_Driver/Src/stm32f0xx_hal_spi.o
                0x000000000800142c                HAL_SPI_Init
 .text.HAL_SPI_Transmit
                0x000000000800155c      0x302 Drivers/STM32F0xx_HAL_Driver/Src/stm32f0xx_hal_spi.o
                0x000000000800155c                HAL_SPI_Transmit
 *fill*         0x000000000800185e        0x2 
 .text.SPI_WaitFlagStateUntilTimeout
                0x0000000008001860       0xe0 Drivers/STM32F0xx_HAL_Driver/Src/stm32f0xx_hal_spi.o
 .text.SPI_WaitFifoStateUntilTimeout
                0x0000000008001940       0xe8 Drivers/STM32F0xx_HAL_Driver/Src/stm32f0xx_hal_spi.o
 .text.SPI_EndRxTxTransaction
                0x0000000008001a28       0x8c Drivers/STM32F0xx_HAL_Driver/Src/stm32f0xx_hal_spi.o
 .text.HAL_UART_Init
                0x0000000008001ab4       0xa8 Drivers/STM32F0xx_HAL_Driver/Src/stm32f0xx_hal_uart.o
                0x0000000008001ab4                HAL_UART_Init
 .text.HAL_UART_Transmit
                0x0000000008001b5c      0x150 Drivers/STM32F0xx_HAL_Driver/Src/stm32f0xx_hal_uart.o
                0x0000000008001b5c                HAL_UART_Transmit
 .text.UART_SetConfig
                0x0000000008001cac      0x2dc Drivers/STM32F0xx_HAL_Driver/Src/stm32f0xx_hal_uart.o
                0x0000000008001cac                UART_SetConfig
 .text.UART_AdvFeatureConfig
                0x0000000008001f88      0x158 Drivers/STM32F0xx_HAL_Driver/Src/stm32f0xx_hal_uart.o
                0x0000000008001f88                UART_AdvFeatureConfig
 .text.UART_CheckIdleState
                0x00000000080020e0       0x8c Drivers/STM32F0xx_HAL_Driver/Src/stm32f0xx_hal_uart.o
                0x00000000080020e0                UART_CheckIdleState
 .text.UART_WaitOnFlagUntilTimeout
                0x000000000800216c       0xfc Drivers/STM32F0xx_HAL_Driver/Src/stm32f0xx_hal_uart.o
                0x000000000800216c                UART_WaitOnFlagUntilTimeout
 .text.OledSetCursor
                0x0000000008002268       0x74 Src/OledChar.o
                0x0000000008002268                OledSetCursor
 .text.OledPutString
                0x00000000080022dc       0x40 Src/OledChar.o
                0x00000000080022dc                OledPutString
 .text.OledDrawGlyph
                0x000000000800231c       0x90 Src/OledChar.o
                0x000000000800231c                OledDrawGlyph
 .text.OledAdvanceCursor
                0x00000000080023ac       0x64 Src/OledChar.o
                0x00000000080023ac                OledAdvanceCursor
 .text.OledInit
                0x0000000008002410       0x1a Src/OledDriver.o
                0x0000000008002410                OledInit
 .text.OledHostInit
                0x000000000800242a       0x46 Src/OledDriver.o
                0x000000000800242a                OledHostInit
 .text.OledDvrInit
                0x0000000008002470       0xbc Src/OledDriver.o
                0x0000000008002470                OledDvrInit
 .text.OledDevInit
                0x000000000800252c       0x88 Src/OledDriver.o
                0x000000000800252c                OledDevInit
 .text.OledClear
                0x00000000080025b4       0x12 Src/OledDriver.o
                0x00000000080025b4                OledClear
 *fill*         0x00000000080025c6        0x2 
 .text.OledClearBuffer
                0x00000000080025c8       0x38 Src/OledDriver.o
                0x00000000080025c8                OledClearBuffer
 .text.OledUpdate
                0x0000000008002600       0x6c Src/OledDriver.o
                0x0000000008002600                OledUpdate
 .text.OledPutBuffer
                0x000000000800266c       0x40 Src/OledDriver.o
                0x000000000800266c                OledPutBuffer
 .text.Spi2PutByte
                0x00000000080026ac       0x28 Src/OledDriver.o
                0x00000000080026ac                Spi2PutByte
 .text.digitalWrite
                0x00000000080026d4       0x2c Src/OledDriver.o
                0x00000000080026d4                digitalWrite
 .text.OledMoveTo
                0x0000000008002700       0x6c Src/OledGrph.o
                0x0000000008002700                OledMoveTo
 .text.OledSetDrawMode
                0x000000000800276c       0x74 Src/OledGrph.o
                0x000000000800276c                OledSetDrawMode
 .text.OledRopSet
                0x00000000080027e0       0x4e Src/OledGrph.o
                0x00000000080027e0                OledRopSet
 .text.OledRopOr
                0x000000000800282e       0x3a Src/OledGrph.o
                0x000000000800282e                OledRopOr
 .text.OledRopAnd
                0x0000000008002868       0x3a Src/OledGrph.o
                0x0000000008002868                OledRopAnd
 .text.OledRopXor
                0x00000000080028a2       0x3a Src/OledGrph.o
                0x00000000080028a2                OledRopXor
 .text.OledClampXco
                0x00000000080028dc       0x26 Src/OledGrph.o
                0x00000000080028dc                OledClampXco
 .text.OledClampYco
                0x0000000008002902       0x26 Src/OledGrph.o
                0x0000000008002902                OledClampYco
 .text.delay    0x0000000008002928       0x1a Src/main.o
                0x0000000008002928                delay
 *fill*         0x0000000008002942        0x2 
 .text.digitalEscrever
                0x0000000008002944       0x64 Src/main.o
                0x0000000008002944                digitalEscrever
 .text.digitalRead
                0x00000000080029a8       0x34 Src/main.o
                0x00000000080029a8                digitalRead
 .text.main     0x00000000080029dc      0x728 Src/main.o
                0x00000000080029dc                main
 .text.BemVindo
                0x0000000008003104       0x38 Src/main.o
                0x0000000008003104                BemVindo
 .text.SystemClock_Config
                0x000000000800313c       0xbe Src/main.o
                0x000000000800313c                SystemClock_Config
 *fill*         0x00000000080031fa        0x2 
 .text.MX_SPI1_Init
                0x00000000080031fc       0x7c Src/main.o
 .text.MX_USART1_UART_Init
                0x0000000008003278       0x60 Src/main.o
 .text.MX_GPIO_Init
                0x00000000080032d8      0x144 Src/main.o
 .text.Error_Handler
                0x000000000800341c        0xa Src/main.o
                0x000000000800341c                Error_Handler
 *fill*         0x0000000008003426        0x2 
 .text.HAL_MspInit
                0x0000000008003428       0x48 Src/stm32f0xx_hal_msp.o
                0x0000000008003428                HAL_MspInit
 .text.HAL_SPI_MspInit
                0x0000000008003470       0xa4 Src/stm32f0xx_hal_msp.o
                0x0000000008003470                HAL_SPI_MspInit
 .text.HAL_UART_MspInit
                0x0000000008003514       0xa4 Src/stm32f0xx_hal_msp.o
                0x0000000008003514                HAL_UART_MspInit
 .text.NMI_Handler
                0x00000000080035b8        0xa Src/stm32f0xx_it.o
                0x00000000080035b8                NMI_Handler
 .text.HardFault_Handler
                0x00000000080035c2        0x6 Src/stm32f0xx_it.o
                0x00000000080035c2                HardFault_Handler
 .text.SVC_Handler
                0x00000000080035c8        0xa Src/stm32f0xx_it.o
                0x00000000080035c8                SVC_Handler
 .text.PendSV_Handler
                0x00000000080035d2        0xa Src/stm32f0xx_it.o
                0x00000000080035d2                PendSV_Handler
 .text.SysTick_Handler
                0x00000000080035dc        0xe Src/stm32f0xx_it.o
                0x00000000080035dc                SysTick_Handler
 .text.SystemInit
                0x00000000080035ea        0xa Src/system_stm32f0xx.o
                0x00000000080035ea                SystemInit
 .text.Reset_Handler
                0x00000000080035f4       0x50 startup/startup_stm32f030x6.o
                0x00000000080035f4                Reset_Handler
 .text.Default_Handler
                0x0000000008003644        0x2 startup/startup_stm32f030x6.o
                0x0000000008003644                TIM1_CC_IRQHandler
                0x0000000008003644                I2C1_IRQHandler
                0x0000000008003644                SPI1_IRQHandler
                0x0000000008003644                EXTI2_3_IRQHandler
                0x0000000008003644                ADC1_IRQHandler
                0x0000000008003644                TIM17_IRQHandler
                0x0000000008003644                RTC_IRQHandler
                0x0000000008003644                TIM16_IRQHandler
                0x0000000008003644                TIM3_IRQHandler
                0x0000000008003644                EXTI4_15_IRQHandler
                0x0000000008003644                RCC_IRQHandler
                0x0000000008003644                DMA1_Channel1_IRQHandler
                0x0000000008003644                Default_Handler
                0x0000000008003644                TIM14_IRQHandler
                0x0000000008003644                DMA1_Channel4_5_IRQHandler
                0x0000000008003644                EXTI0_1_IRQHandler
                0x0000000008003644                WWDG_IRQHandler
                0x0000000008003644                DMA1_Channel2_3_IRQHandler
                0x0000000008003644                FLASH_IRQHandler
                0x0000000008003644                USART1_IRQHandler
                0x0000000008003644                TIM1_BRK_UP_TRG_COM_IRQHandler
 *fill*         0x0000000008003646        0x2 
 .text.__libc_init_array
                0x0000000008003648       0x48 /opt/Atollic_TrueSTUDIO_for_STM32_x86_64_9.0.1/ARMTools/bin/../lib/gcc/arm-atollic-eabi/6.3.1/../../../../arm-atollic-eabi/lib/armv6-m/libc_nano.a(lib_a-init.o)
                0x0000000008003648                __libc_init_array
 .text.memset   0x0000000008003690       0x10 /opt/Atollic_TrueSTUDIO_for_STM32_x86_64_9.0.1/ARMTools/bin/../lib/gcc/arm-atollic-eabi/6.3.1/../../../../arm-atollic-eabi/lib/armv6-m/libc_nano.a(lib_a-memset.o)
                0x0000000008003690                memset
 *(.glue_7)
 .glue_7        0x00000000080036a0        0x0 linker stubs
 *(.glue_7t)
 .glue_7t       0x00000000080036a0        0x0 linker stubs
 *(.eh_frame)
 .eh_frame      0x00000000080036a0        0x0 /opt/Atollic_TrueSTUDIO_for_STM32_x86_64_9.0.1/ARMTools/bin/../lib/gcc/arm-atollic-eabi/6.3.1/armv6-m/crtbegin.o
 *(.init)
 .init          0x00000000080036a0        0x4 /opt/Atollic_TrueSTUDIO_for_STM32_x86_64_9.0.1/ARMTools/bin/../lib/gcc/arm-atollic-eabi/6.3.1/armv6-m/crti.o
                0x00000000080036a0                _init
 .init          0x00000000080036a4        0x8 /opt/Atollic_TrueSTUDIO_for_STM32_x86_64_9.0.1/ARMTools/bin/../lib/gcc/arm-atollic-eabi/6.3.1/armv6-m/crtn.o
 *(.fini)
 .fini          0x00000000080036ac        0x4 /opt/Atollic_TrueSTUDIO_for_STM32_x86_64_9.0.1/ARMTools/bin/../lib/gcc/arm-atollic-eabi/6.3.1/armv6-m/crti.o
                0x00000000080036ac                _fini
 .fini          0x00000000080036b0        0x8 /opt/Atollic_TrueSTUDIO_for_STM32_x86_64_9.0.1/ARMTools/bin/../lib/gcc/arm-atollic-eabi/6.3.1/armv6-m/crtn.o
                0x00000000080036b8                . = ALIGN (0x4)
                0x00000000080036b8                _etext = .

.vfp11_veneer   0x00000000080036b8        0x0
 .vfp11_veneer  0x00000000080036b8        0x0 linker stubs

.v4_bx          0x00000000080036b8        0x0
 .v4_bx         0x00000000080036b8        0x0 linker stubs

.iplt           0x00000000080036b8        0x0
 .iplt          0x00000000080036b8        0x0 /opt/Atollic_TrueSTUDIO_for_STM32_x86_64_9.0.1/ARMTools/bin/../lib/gcc/arm-atollic-eabi/6.3.1/armv6-m/crtbegin.o

.rodata         0x00000000080036b8      0x6cc
                0x00000000080036b8                . = ALIGN (0x4)
 *(.rodata)
 .rodata        0x00000000080036b8       0x20 Drivers/STM32F0xx_HAL_Driver/Src/stm32f0xx_hal_rcc.o
 .rodata        0x00000000080036d8      0x311 Src/main.o
 *(.rodata*)
 *fill*         0x00000000080039e9        0x3 
 .rodata.rgbOledFont0
                0x00000000080039ec      0x300 Src/ChrFont0.o
                0x00000000080039ec                rgbOledFont0
 .rodata.rgbFillPat
                0x0000000008003cec       0x40 Src/FillPat.o
                0x0000000008003cec                rgbFillPat
 .rodata.main   0x0000000008003d2c       0x40 Src/main.o
 .rodata.AHBPrescTable
                0x0000000008003d6c       0x10 Src/system_stm32f0xx.o
                0x0000000008003d6c                AHBPrescTable
 .rodata.APBPrescTable
                0x0000000008003d7c        0x8 Src/system_stm32f0xx.o
                0x0000000008003d7c                APBPrescTable
                0x0000000008003d84                . = ALIGN (0x4)

.rel.dyn        0x0000000008003d84        0x0
 .rel.iplt      0x0000000008003d84        0x0 /opt/Atollic_TrueSTUDIO_for_STM32_x86_64_9.0.1/ARMTools/bin/../lib/gcc/arm-atollic-eabi/6.3.1/armv6-m/crtbegin.o

.ARM.extab
 *(.ARM.extab* .gnu.linkonce.armextab.*)

.ARM            0x0000000008003d84        0x0
                0x0000000008003d84                __exidx_start = .
 *(.ARM.exidx*)
                0x0000000008003d84                __exidx_end = .

.preinit_array  0x0000000008003d84        0x0
                0x0000000008003d84                PROVIDE (__preinit_array_start, .)
 *(.preinit_array*)
                0x0000000008003d84                PROVIDE (__preinit_array_end, .)

.init_array     0x0000000008003d84        0x4
                0x0000000008003d84                PROVIDE (__init_array_start, .)
 *(SORT(.init_array.*))
 *(.init_array*)
 .init_array    0x0000000008003d84        0x4 /opt/Atollic_TrueSTUDIO_for_STM32_x86_64_9.0.1/ARMTools/bin/../lib/gcc/arm-atollic-eabi/6.3.1/armv6-m/crtbegin.o
                0x0000000008003d88                PROVIDE (__init_array_end, .)

.fini_array     0x0000000008003d88        0x4
                [!provide]                        PROVIDE (__fini_array_start, .)
 *(SORT(.fini_array.*))
 *(.fini_array*)
 .fini_array    0x0000000008003d88        0x4 /opt/Atollic_TrueSTUDIO_for_STM32_x86_64_9.0.1/ARMTools/bin/../lib/gcc/arm-atollic-eabi/6.3.1/armv6-m/crtbegin.o
                [!provide]                        PROVIDE (__fini_array_end, .)
                0x0000000008003d8c                _sidata = LOADADDR (.data)

.data           0x0000000020000000       0xb4 load address 0x0000000008003d8c
                0x0000000020000000                . = ALIGN (0x4)
                0x0000000020000000                _sdata = .
 *(.data)
 *(.data*)
 .data.uwTickPrio
                0x0000000020000000        0x4 Drivers/STM32F0xx_HAL_Driver/Src/stm32f0xx_hal.o
                0x0000000020000000                uwTickPrio
 .data.uwTickFreq
                0x0000000020000004        0x1 Drivers/STM32F0xx_HAL_Driver/Src/stm32f0xx_hal.o
                0x0000000020000004                uwTickFreq
 *fill*         0x0000000020000005        0x3 
 .data.equivalencia
                0x0000000020000008       0xa8 Src/main.o
                0x0000000020000008                equivalencia
 .data.SystemCoreClock
                0x00000000200000b0        0x4 Src/system_stm32f0xx.o
                0x00000000200000b0                SystemCoreClock
                0x00000000200000b4                . = ALIGN (0x4)
                0x00000000200000b4                _edata = .

.igot.plt       0x00000000200000b4        0x0 load address 0x0000000008003e40
 .igot.plt      0x00000000200000b4        0x0 /opt/Atollic_TrueSTUDIO_for_STM32_x86_64_9.0.1/ARMTools/bin/../lib/gcc/arm-atollic-eabi/6.3.1/armv6-m/crtbegin.o
                0x00000000200000b4                . = ALIGN (0x4)

.bss            0x00000000200000b4      0x44c load address 0x0000000008003e40
                0x00000000200000b4                _sbss = .
                0x00000000200000b4                __bss_start__ = _sbss
 *(.bss)
 .bss           0x00000000200000b4       0x1c /opt/Atollic_TrueSTUDIO_for_STM32_x86_64_9.0.1/ARMTools/bin/../lib/gcc/arm-atollic-eabi/6.3.1/armv6-m/crtbegin.o
 *(.bss*)
 *(COMMON)
 COMMON         0x00000000200000d0        0x4 Drivers/STM32F0xx_HAL_Driver/Src/stm32f0xx_hal.o
                0x00000000200000d0                uwTick
 COMMON         0x00000000200000d4      0x114 Src/OledChar.o
                0x00000000200000d4                xchOledMax
                0x00000000200000d8                xchOledCur
                0x00000000200000dc                ychOledCur
                0x00000000200000e0                rgbOledFontUser
                0x00000000200001e0                pbOledFontExt
                0x00000000200001e4                ychOledMax
 COMMON         0x00000000200001e8      0x22c Src/OledDriver.o
                0x00000000200001e8                ycoOledCur
                0x00000000200001ec                rgbOledBmp
                0x00000000200003ec                xcoOledCur
                0x00000000200003f0                pbOledCur
                0x00000000200003f4                pbOledPatCur
                0x00000000200003f8                pbOledFontCur
                0x00000000200003fc                dycoOledFontCur
                0x0000000020000400                dxcoOledFontCur
                0x0000000020000404                fOledCharUpdate
                0x0000000020000408                clrOledCur
                0x000000002000040c                pbOledFontUser
                0x0000000020000410                bnOledCur
 COMMON         0x0000000020000414        0x8 Src/OledGrph.o
                0x0000000020000414                modOledCur
                0x0000000020000418                pfnDoRop
 COMMON         0x000000002000041c       0xe4 Src/main.o
                0x000000002000041c                huart1
                0x000000002000049c                hspi1
                0x0000000020000500                . = ALIGN (0x4)
                0x0000000020000500                _ebss = .
                0x0000000020000500                __bss_end__ = _ebss

._user_heap_stack
                0x0000000020000500      0x600 load address 0x0000000008003e40
                0x0000000020000500                . = ALIGN (0x4)
                0x0000000020000500                PROVIDE (end, .)
                [!provide]                        PROVIDE (_end, .)
                0x0000000020000700                . = (. + _Min_Heap_Size)
 *fill*         0x0000000020000500      0x200 
                0x0000000020000b00                . = (. + _Min_Stack_Size)
 *fill*         0x0000000020000700      0x400 
                0x0000000020000b00                . = ALIGN (0x4)

/DISCARD/
 libc.a(*)
 libm.a(*)
 libgcc.a(*)

.ARM.attributes
                0x0000000000000000       0x28
 *(.ARM.attributes)
 .ARM.attributes
                0x0000000000000000       0x1e /opt/Atollic_TrueSTUDIO_for_STM32_x86_64_9.0.1/ARMTools/bin/../lib/gcc/arm-atollic-eabi/6.3.1/armv6-m/crti.o
 .ARM.attributes
                0x000000000000001e       0x2c /opt/Atollic_TrueSTUDIO_for_STM32_x86_64_9.0.1/ARMTools/bin/../lib/gcc/arm-atollic-eabi/6.3.1/armv6-m/crtbegin.o
 .ARM.attributes
                0x000000000000004a       0x31 Drivers/STM32F0xx_HAL_Driver/Src/stm32f0xx_hal.o
 .ARM.attributes
                0x000000000000007b       0x31 Drivers/STM32F0xx_HAL_Driver/Src/stm32f0xx_hal_cortex.o
 .ARM.attributes
                0x00000000000000ac       0x31 Drivers/STM32F0xx_HAL_Driver/Src/stm32f0xx_hal_gpio.o
 .ARM.attributes
                0x00000000000000dd       0x31 Drivers/STM32F0xx_HAL_Driver/Src/stm32f0xx_hal_rcc.o
 .ARM.attributes
                0x000000000000010e       0x31 Drivers/STM32F0xx_HAL_Driver/Src/stm32f0xx_hal_rcc_ex.o
 .ARM.attributes
                0x000000000000013f       0x31 Drivers/STM32F0xx_HAL_Driver/Src/stm32f0xx_hal_spi.o
 .ARM.attributes
                0x0000000000000170       0x31 Drivers/STM32F0xx_HAL_Driver/Src/stm32f0xx_hal_uart.o
 .ARM.attributes
                0x00000000000001a1       0x31 Src/ChrFont0.o
 .ARM.attributes
                0x00000000000001d2       0x31 Src/FillPat.o
 .ARM.attributes
                0x0000000000000203       0x31 Src/OledChar.o
 .ARM.attributes
                0x0000000000000234       0x31 Src/OledDriver.o
 .ARM.attributes
                0x0000000000000265       0x31 Src/OledGrph.o
 .ARM.attributes
                0x0000000000000296       0x31 Src/main.o
 .ARM.attributes
                0x00000000000002c7       0x31 Src/stm32f0xx_hal_msp.o
 .ARM.attributes
                0x00000000000002f8       0x31 Src/stm32f0xx_it.o
 .ARM.attributes
                0x0000000000000329       0x31 Src/system_stm32f0xx.o
 .ARM.attributes
                0x000000000000035a       0x21 startup/startup_stm32f030x6.o
 .ARM.attributes
                0x000000000000037b       0x2c /opt/Atollic_TrueSTUDIO_for_STM32_x86_64_9.0.1/ARMTools/bin/../lib/gcc/arm-atollic-eabi/6.3.1/../../../../arm-atollic-eabi/lib/armv6-m/libc_nano.a(lib_a-init.o)
 .ARM.attributes
                0x00000000000003a7       0x2c /opt/Atollic_TrueSTUDIO_for_STM32_x86_64_9.0.1/ARMTools/bin/../lib/gcc/arm-atollic-eabi/6.3.1/../../../../arm-atollic-eabi/lib/armv6-m/libc_nano.a(lib_a-memset.o)
 .ARM.attributes
                0x00000000000003d3       0x1e /opt/Atollic_TrueSTUDIO_for_STM32_x86_64_9.0.1/ARMTools/bin/../lib/gcc/arm-atollic-eabi/6.3.1/armv6-m/libgcc.a(_udivsi3.o)
 .ARM.attributes
                0x00000000000003f1       0x1e /opt/Atollic_TrueSTUDIO_for_STM32_x86_64_9.0.1/ARMTools/bin/../lib/gcc/arm-atollic-eabi/6.3.1/armv6-m/libgcc.a(_divsi3.o)
 .ARM.attributes
                0x000000000000040f       0x1e /opt/Atollic_TrueSTUDIO_for_STM32_x86_64_9.0.1/ARMTools/bin/../lib/gcc/arm-atollic-eabi/6.3.1/armv6-m/libgcc.a(_dvmd_tls.o)
 .ARM.attributes
                0x000000000000042d       0x1e /opt/Atollic_TrueSTUDIO_for_STM32_x86_64_9.0.1/ARMTools/bin/../lib/gcc/arm-atollic-eabi/6.3.1/armv6-m/crtn.o
OUTPUT(ControleDeEntrada.elf elf32-littlearm)

.debug_info     0x0000000000000000     0x89da
 .debug_info    0x0000000000000000      0x667 Drivers/STM32F0xx_HAL_Driver/Src/stm32f0xx_hal.o
 .debug_info    0x0000000000000667      0x745 Drivers/STM32F0xx_HAL_Driver/Src/stm32f0xx_hal_cortex.o
 .debug_info    0x0000000000000dac      0x660 Drivers/STM32F0xx_HAL_Driver/Src/stm32f0xx_hal_gpio.o
 .debug_info    0x000000000000140c      0x80a Drivers/STM32F0xx_HAL_Driver/Src/stm32f0xx_hal_rcc.o
 .debug_info    0x0000000000001c16      0x3cb Drivers/STM32F0xx_HAL_Driver/Src/stm32f0xx_hal_rcc_ex.o
 .debug_info    0x0000000000001fe1     0x15e9 Drivers/STM32F0xx_HAL_Driver/Src/stm32f0xx_hal_spi.o
 .debug_info    0x00000000000035ca     0x1507 Drivers/STM32F0xx_HAL_Driver/Src/stm32f0xx_hal_uart.o
 .debug_info    0x0000000000004ad1       0x63 Src/ChrFont0.o
 .debug_info    0x0000000000004b34       0x62 Src/FillPat.o
 .debug_info    0x0000000000004b96      0x2ec Src/OledChar.o
 .debug_info    0x0000000000004e82      0xa07 Src/OledDriver.o
 .debug_info    0x0000000000005889      0x8b0 Src/OledGrph.o
 .debug_info    0x0000000000006139     0x17e8 Src/main.o
 .debug_info    0x0000000000007921      0xbe0 Src/stm32f0xx_hal_msp.o
 .debug_info    0x0000000000008501      0x1a4 Src/stm32f0xx_it.o
 .debug_info    0x00000000000086a5      0x2a0 Src/system_stm32f0xx.o
 .debug_info    0x0000000000008945       0x95 startup/startup_stm32f030x6.o

.debug_abbrev   0x0000000000000000     0x1a59
 .debug_abbrev  0x0000000000000000      0x1ed Drivers/STM32F0xx_HAL_Driver/Src/stm32f0xx_hal.o
 .debug_abbrev  0x00000000000001ed      0x26e Drivers/STM32F0xx_HAL_Driver/Src/stm32f0xx_hal_cortex.o
 .debug_abbrev  0x000000000000045b      0x1bb Drivers/STM32F0xx_HAL_Driver/Src/stm32f0xx_hal_gpio.o
 .debug_abbrev  0x0000000000000616      0x20a Drivers/STM32F0xx_HAL_Driver/Src/stm32f0xx_hal_rcc.o
 .debug_abbrev  0x0000000000000820      0x170 Drivers/STM32F0xx_HAL_Driver/Src/stm32f0xx_hal_rcc_ex.o
 .debug_abbrev  0x0000000000000990      0x223 Drivers/STM32F0xx_HAL_Driver/Src/stm32f0xx_hal_spi.o
 .debug_abbrev  0x0000000000000bb3      0x20f Drivers/STM32F0xx_HAL_Driver/Src/stm32f0xx_hal_uart.o
 .debug_abbrev  0x0000000000000dc2       0x52 Src/ChrFont0.o
 .debug_abbrev  0x0000000000000e14       0x52 Src/FillPat.o
 .debug_abbrev  0x0000000000000e66      0x183 Src/OledChar.o
 .debug_abbrev  0x0000000000000fe9      0x22a Src/OledDriver.o
 .debug_abbrev  0x0000000000001213      0x1fe Src/OledGrph.o
 .debug_abbrev  0x0000000000001411      0x2c8 Src/main.o
 .debug_abbrev  0x00000000000016d9      0x187 Src/stm32f0xx_hal_msp.o
 .debug_abbrev  0x0000000000001860       0xc1 Src/stm32f0xx_it.o
 .debug_abbrev  0x0000000000001921      0x126 Src/system_stm32f0xx.o
 .debug_abbrev  0x0000000000001a47       0x12 startup/startup_stm32f030x6.o

.debug_aranges  0x0000000000000000      0x9b8
 .debug_aranges
                0x0000000000000000       0xd0 Drivers/STM32F0xx_HAL_Driver/Src/stm32f0xx_hal.o
 .debug_aranges
                0x00000000000000d0       0xc0 Drivers/STM32F0xx_HAL_Driver/Src/stm32f0xx_hal_cortex.o
 .debug_aranges
                0x0000000000000190       0x58 Drivers/STM32F0xx_HAL_Driver/Src/stm32f0xx_hal_gpio.o
 .debug_aranges
                0x00000000000001e8       0x80 Drivers/STM32F0xx_HAL_Driver/Src/stm32f0xx_hal_rcc.o
 .debug_aranges
                0x0000000000000268       0x30 Drivers/STM32F0xx_HAL_Driver/Src/stm32f0xx_hal_rcc_ex.o
 .debug_aranges
                0x0000000000000298      0x1d8 Drivers/STM32F0xx_HAL_Driver/Src/stm32f0xx_hal_spi.o
 .debug_aranges
                0x0000000000000470      0x200 Drivers/STM32F0xx_HAL_Driver/Src/stm32f0xx_hal_uart.o
 .debug_aranges
                0x0000000000000670       0x18 Src/ChrFont0.o
 .debug_aranges
                0x0000000000000688       0x18 Src/FillPat.o
 .debug_aranges
                0x00000000000006a0       0x60 Src/OledChar.o
 .debug_aranges
                0x0000000000000700       0x90 Src/OledDriver.o
 .debug_aranges
                0x0000000000000790       0xe8 Src/OledGrph.o
 .debug_aranges
                0x0000000000000878       0x70 Src/main.o
 .debug_aranges
                0x00000000000008e8       0x40 Src/stm32f0xx_hal_msp.o
 .debug_aranges
                0x0000000000000928       0x40 Src/stm32f0xx_it.o
 .debug_aranges
                0x0000000000000968       0x28 Src/system_stm32f0xx.o
 .debug_aranges
                0x0000000000000990       0x28 startup/startup_stm32f030x6.o

.debug_ranges   0x0000000000000000      0x8a0
 .debug_ranges  0x0000000000000000       0xc0 Drivers/STM32F0xx_HAL_Driver/Src/stm32f0xx_hal.o
 .debug_ranges  0x00000000000000c0       0xb0 Drivers/STM32F0xx_HAL_Driver/Src/stm32f0xx_hal_cortex.o
 .debug_ranges  0x0000000000000170       0x48 Drivers/STM32F0xx_HAL_Driver/Src/stm32f0xx_hal_gpio.o
 .debug_ranges  0x00000000000001b8       0x70 Drivers/STM32F0xx_HAL_Driver/Src/stm32f0xx_hal_rcc.o
 .debug_ranges  0x0000000000000228       0x20 Drivers/STM32F0xx_HAL_Driver/Src/stm32f0xx_hal_rcc_ex.o
 .debug_ranges  0x0000000000000248      0x1c8 Drivers/STM32F0xx_HAL_Driver/Src/stm32f0xx_hal_spi.o
 .debug_ranges  0x0000000000000410      0x1f0 Drivers/STM32F0xx_HAL_Driver/Src/stm32f0xx_hal_uart.o
 .debug_ranges  0x0000000000000600       0x50 Src/OledChar.o
 .debug_ranges  0x0000000000000650       0x80 Src/OledDriver.o
 .debug_ranges  0x00000000000006d0       0xd8 Src/OledGrph.o
 .debug_ranges  0x00000000000007a8       0x60 Src/main.o
 .debug_ranges  0x0000000000000808       0x30 Src/stm32f0xx_hal_msp.o
 .debug_ranges  0x0000000000000838       0x30 Src/stm32f0xx_it.o
 .debug_ranges  0x0000000000000868       0x18 Src/system_stm32f0xx.o
 .debug_ranges  0x0000000000000880       0x20 startup/startup_stm32f030x6.o

.debug_line     0x0000000000000000     0x3ee4
 .debug_line    0x0000000000000000      0x3ab Drivers/STM32F0xx_HAL_Driver/Src/stm32f0xx_hal.o
 .debug_line    0x00000000000003ab      0x3bb Drivers/STM32F0xx_HAL_Driver/Src/stm32f0xx_hal_cortex.o
 .debug_line    0x0000000000000766      0x361 Drivers/STM32F0xx_HAL_Driver/Src/stm32f0xx_hal_gpio.o
 .debug_line    0x0000000000000ac7      0x482 Drivers/STM32F0xx_HAL_Driver/Src/stm32f0xx_hal_rcc.o
 .debug_line    0x0000000000000f49      0x2c7 Drivers/STM32F0xx_HAL_Driver/Src/stm32f0xx_hal_rcc_ex.o
 .debug_line    0x0000000000001210      0xca4 Drivers/STM32F0xx_HAL_Driver/Src/stm32f0xx_hal_spi.o
 .debug_line    0x0000000000001eb4      0xc46 Drivers/STM32F0xx_HAL_Driver/Src/stm32f0xx_hal_uart.o
 .debug_line    0x0000000000002afa       0x32 Src/ChrFont0.o
 .debug_line    0x0000000000002b2c       0x31 Src/FillPat.o
 .debug_line    0x0000000000002b5d      0x12f Src/OledChar.o
 .debug_line    0x0000000000002c8c      0x37f Src/OledDriver.o
 .debug_line    0x000000000000300b      0x30e Src/OledGrph.o
 .debug_line    0x0000000000003319      0x529 Src/main.o
 .debug_line    0x0000000000003842      0x27b Src/stm32f0xx_hal_msp.o
 .debug_line    0x0000000000003abd      0x1d9 Src/stm32f0xx_it.o
 .debug_line    0x0000000000003c96      0x1cc Src/system_stm32f0xx.o
 .debug_line    0x0000000000003e62       0x82 startup/startup_stm32f030x6.o

.debug_str      0x0000000000000000     0x2ba0
 .debug_str     0x0000000000000000      0x62a Drivers/STM32F0xx_HAL_Driver/Src/stm32f0xx_hal.o
                                        0x68b (size before relaxing)
 .debug_str     0x000000000000062a      0x2bd Drivers/STM32F0xx_HAL_Driver/Src/stm32f0xx_hal_cortex.o
                                        0x69d (size before relaxing)
 .debug_str     0x00000000000008e7      0x1c7 Drivers/STM32F0xx_HAL_Driver/Src/stm32f0xx_hal_gpio.o
                                        0x4e1 (size before relaxing)
 .debug_str     0x0000000000000aae      0x316 Drivers/STM32F0xx_HAL_Driver/Src/stm32f0xx_hal_rcc.o
                                        0x6c4 (size before relaxing)
 .debug_str     0x0000000000000dc4      0x127 Drivers/STM32F0xx_HAL_Driver/Src/stm32f0xx_hal_rcc_ex.o
                                        0x44e (size before relaxing)
 .debug_str     0x0000000000000eeb      0x8fd Drivers/STM32F0xx_HAL_Driver/Src/stm32f0xx_hal_spi.o
                                        0xc2c (size before relaxing)
 .debug_str     0x00000000000017e8      0x831 Drivers/STM32F0xx_HAL_Driver/Src/stm32f0xx_hal_uart.o
                                        0xdfd (size before relaxing)
 .debug_str     0x0000000000002019       0x1f Src/ChrFont0.o
                                        0x132 (size before relaxing)
 .debug_str     0x0000000000002038       0x1c Src/FillPat.o
                                        0x12f (size before relaxing)
 .debug_str     0x0000000000002054      0x190 Src/OledChar.o
                                        0x2a8 (size before relaxing)
 .debug_str     0x00000000000021e4      0x136 Src/OledDriver.o
                                        0x86a (size before relaxing)
 .debug_str     0x000000000000231a      0x25e Src/OledGrph.o
                                        0x419 (size before relaxing)
 .debug_str     0x0000000000002578      0x554 Src/main.o
                                       0x1011 (size before relaxing)
 .debug_str     0x0000000000002acc       0x1b Src/stm32f0xx_hal_msp.o
                                        0x908 (size before relaxing)
 .debug_str     0x0000000000002ae7       0x5f Src/stm32f0xx_it.o
                                        0x2bf (size before relaxing)
 .debug_str     0x0000000000002b46       0x5a Src/system_stm32f0xx.o
                                        0x30d (size before relaxing)

.comment        0x0000000000000000       0x7c
 .comment       0x0000000000000000       0x7c Drivers/STM32F0xx_HAL_Driver/Src/stm32f0xx_hal.o
                                         0x7d (size before relaxing)
 .comment       0x000000000000007c       0x7d Drivers/STM32F0xx_HAL_Driver/Src/stm32f0xx_hal_cortex.o
 .comment       0x000000000000007c       0x7d Drivers/STM32F0xx_HAL_Driver/Src/stm32f0xx_hal_gpio.o
 .comment       0x000000000000007c       0x7d Drivers/STM32F0xx_HAL_Driver/Src/stm32f0xx_hal_rcc.o
 .comment       0x000000000000007c       0x7d Drivers/STM32F0xx_HAL_Driver/Src/stm32f0xx_hal_rcc_ex.o
 .comment       0x000000000000007c       0x7d Drivers/STM32F0xx_HAL_Driver/Src/stm32f0xx_hal_spi.o
 .comment       0x000000000000007c       0x7d Drivers/STM32F0xx_HAL_Driver/Src/stm32f0xx_hal_uart.o
 .comment       0x000000000000007c       0x7d Src/ChrFont0.o
 .comment       0x000000000000007c       0x7d Src/FillPat.o
 .comment       0x000000000000007c       0x7d Src/OledChar.o
 .comment       0x000000000000007c       0x7d Src/OledDriver.o
 .comment       0x000000000000007c       0x7d Src/OledGrph.o
 .comment       0x000000000000007c       0x7d Src/main.o
 .comment       0x000000000000007c       0x7d Src/stm32f0xx_hal_msp.o
 .comment       0x000000000000007c       0x7d Src/stm32f0xx_it.o
 .comment       0x000000000000007c       0x7d Src/system_stm32f0xx.o

.debug_frame    0x0000000000000000     0x20cc
 .debug_frame   0x0000000000000000      0x2a0 Drivers/STM32F0xx_HAL_Driver/Src/stm32f0xx_hal.o
 .debug_frame   0x00000000000002a0      0x2a4 Drivers/STM32F0xx_HAL_Driver/Src/stm32f0xx_hal_cortex.o
 .debug_frame   0x0000000000000544      0x110 Drivers/STM32F0xx_HAL_Driver/Src/stm32f0xx_hal_gpio.o
 .debug_frame   0x0000000000000654      0x198 Drivers/STM32F0xx_HAL_Driver/Src/stm32f0xx_hal_rcc.o
 .debug_frame   0x00000000000007ec       0x70 Drivers/STM32F0xx_HAL_Driver/Src/stm32f0xx_hal_rcc_ex.o
 .debug_frame   0x000000000000085c      0x710 Drivers/STM32F0xx_HAL_Driver/Src/stm32f0xx_hal_spi.o
 .debug_frame   0x0000000000000f6c      0x7b0 Drivers/STM32F0xx_HAL_Driver/Src/stm32f0xx_hal_uart.o
 .debug_frame   0x000000000000171c      0x128 Src/OledChar.o
 .debug_frame   0x0000000000001844      0x1cc Src/OledDriver.o
 .debug_frame   0x0000000000001a10      0x338 Src/OledGrph.o
 .debug_frame   0x0000000000001d48      0x160 Src/main.o
 .debug_frame   0x0000000000001ea8       0xb0 Src/stm32f0xx_hal_msp.o
 .debug_frame   0x0000000000001f58       0x9c Src/stm32f0xx_it.o
 .debug_frame   0x0000000000001ff4       0x4c Src/system_stm32f0xx.o
 .debug_frame   0x0000000000002040       0x2c /opt/Atollic_TrueSTUDIO_for_STM32_x86_64_9.0.1/ARMTools/bin/../lib/gcc/arm-atollic-eabi/6.3.1/../../../../arm-atollic-eabi/lib/armv6-m/libc_nano.a(lib_a-init.o)
 .debug_frame   0x000000000000206c       0x20 /opt/Atollic_TrueSTUDIO_for_STM32_x86_64_9.0.1/ARMTools/bin/../lib/gcc/arm-atollic-eabi/6.3.1/../../../../arm-atollic-eabi/lib/armv6-m/libc_nano.a(lib_a-memset.o)
 .debug_frame   0x000000000000208c       0x20 /opt/Atollic_TrueSTUDIO_for_STM32_x86_64_9.0.1/ARMTools/bin/../lib/gcc/arm-atollic-eabi/6.3.1/armv6-m/libgcc.a(_udivsi3.o)
 .debug_frame   0x00000000000020ac       0x20 /opt/Atollic_TrueSTUDIO_for_STM32_x86_64_9.0.1/ARMTools/bin/../lib/gcc/arm-atollic-eabi/6.3.1/armv6-m/libgcc.a(_divsi3.o)
