OledGrph.c:116:1:OledMoveTo	16	static
OledGrph.c:155:1:OledGetPos	16	static
OledGrph.c:180:1:OledSetDrawColor	16	static
OledGrph.c:205:1:OledGetStdPattern	16	static
OledGrph.c:230:1:OledSetFillPattern	16	static
OledGrph.c:254:1:OledSetDrawMode	16	static
OledGrph.c:300:1:OledGetDrawMode	8	static
OledGrph.c:325:1:OledDrawPixel	16	static
OledGrph.c:349:1:OledGetPixel	8	static
OledGrph.c:375:1:OledLineTo	48	static
OledGrph.c:481:1:OledDrawRect	24	static
OledGrph.c:518:1:OledFillRect	64	static
OledGrph.c:624:1:OledGetBmp	72	static
OledGrph.c:723:1:OledPutBmp	88	static
OledGrph.c:838:1:OledDrawChar	24	static
OledGrph.c:881:1:OledDrawString	16	static
OledGrph.c:906:1:OledRopSet	24	static
OledGrph.c:927:1:OledRopOr	24	static
OledGrph.c:948:1:OledRopAnd	24	static
OledGrph.c:969:1:OledRopXor	24	static
OledGrph.c:994:1:OledMoveUp	8	static
OledGrph.c:1034:1:OledMoveDown	8	static
OledGrph.c:1074:1:OledMoveLeft	8	static
OledGrph.c:1107:1:OledMoveRight	8	static
OledGrph.c:1139:1:OledClampXco	16	static
OledGrph.c:1169:1:OledClampYco	16	static
